// Jest Snapshot v1, https://goo.gl/fbAQLP

exports[`Menu component test Menu component with user matches snapshot 1`] = `ShallowWrapper {}`;

exports[`Menu component test Menu component without user matches snapshot 1`] = `ShallowWrapper {}`;
